// Jest Snapshot v1, https://goo.gl/fbAQLP

exports[`Home component should match snapshot 1`] = `
"<WithStyles(Home)>
  <Home classes={{...}}>
    <WithStyles(ForwardRef(Paper)) className=\\"Home-container-1\\">
      <ForwardRef(Paper) classes={{...}} className=\\"Home-container-1\\">
        <div className=\\"MuiPaper-root MuiPaper-elevation1 Home-container-1 MuiPaper-rounded\\">
          <h1 className=\\"Home-heading-2\\">
            This is the spring skillup project.
          </h1>
          <p>
            This project was written to learn a several front-end and back-end libraries.
          </p>
          <span>
            <h4 className=\\"Home-heading-2\\">
              For FE part is used:
            </h4>
            <ul>
              <li>
                Typescript
              </li>
              <li>
                React + Redux
              </li>
              <li>
                Formik
              </li>
            </ul>
            <h4 className=\\"Home-heading-2\\">
              For BE part is used:
            </h4>
            <ul>
              <li>
                Node JS
              </li>
              <li>
                Typescript
              </li>
              <li>
                Express
              </li>
              <li>
                Postgresql + Typeorm
              </li>
            </ul>
            <h4 className=\\"Home-heading-2\\">
              For tests is used:
            </h4>
            <ul>
              <li>
                Jest + Enzyme
              </li>
              <li>
                Mocha
              </li>
              <li>
                Cypress
              </li>
            </ul>
          </span>
          <p>
            Use top navigation to go to Podcasts page and look how this stack works.
          </p>
        </div>
      </ForwardRef(Paper)>
    </WithStyles(ForwardRef(Paper))>
  </Home>
</WithStyles(Home)>"
`;
